// Jest Snapshot v1, https://goo.gl/fbAQLP

exports[`Timeline renders correctly with basic props 1`] = `
<TimelineComponent
  data={
    Map {
      "Formatted Sun May 29 1453 00:00:00 GMT+0019 (Central European Summer Time)" => Array [
        Object {
          "action": undefined,
          "description": "Formatted description",
          "eventDateTime": "time",
          "icon": undefined,
          "title": "Formatted title",
        },
        Object {
          "action": undefined,
          "description": "Formatted description",
          "eventDateTime": "time",
          "icon": undefined,
          "title": "Formatted title",
        },
      ],
    }
  }
  name="timeline"
  renderMode="basic"
  showGroupHeader={true}
/>
`;
