// Jest Snapshot v1, https://goo.gl/fbAQLP

exports[`Date Filter with multiple attributes renders correctly 1`] = `
<DatagridDateFilter
  adjustable={true}
  class="filter-test"
  defaultFilter="equal"
  name="filter-test"
  tabIndex={0}
>
  <FilterComponent
    adjustable={true}
    className="filter-test"
    dateFormat="dd/MM/YYYY"
    defaultFilter="equal"
    locale="en"
    name="filter-test"
    tabIndex={0}
    updateFilters={[Function]}
  >
    <div
      className="filter-container filter-test"
      data-focusindex={0}
    >
      <FilterSelector
        defaultFilter="equal"
        name="filter-test"
        onChange={[Function]}
        options={
          Array [
            Object {
              "label": "Greater than",
              "value": "greater",
            },
            Object {
              "label": "Greater than or equal",
              "value": "greaterEqual",
            },
            Object {
              "label": "Equal",
              "value": "equal",
            },
            Object {
              "label": "Not equal",
              "value": "notEqual",
            },
            Object {
              "label": "Smaller than",
              "value": "smaller",
            },
            Object {
              "label": "Smaller than or equal",
              "value": "smallerEqual",
            },
          ]
        }
      >
        <div
          className="filter-selector"
        >
          <div
            className="filter-selector-content"
          >
            <button
              aria-controls="filter-test-filter-selectors"
              aria-expanded={false}
              aria-haspopup={true}
              className="btn btn-default filter-selector-button button-icon equal"
              onClick={[Function]}
              onKeyDown={[Function]}
            >
               
            </button>
          </div>
        </div>
      </FilterSelector>
      <ForwardRef
        adjustable={true}
        dateFormat="dd/MM/YYYY"
        locale="en"
        name="filter-test"
        setValue={[Function]}
        value={null}
      >
        <Portal
          containerInfo={
            <body>
              <div
                id="datepicker_0.123456789"
                style="position: fixed;"
              />
              <div
                id="datepicker_0.123456789"
                style="position: fixed;"
              />
            </body>
          }
        >
          <div
            id="datepicker_0.123456789"
            style={
              Object {
                "position": "fixed",
              }
            }
          />
        </Portal>
        <span
          className="sr-only"
          id="filter-test-label"
        />
        <r
          allowSameDay={false}
          ariaLabelledBy="filter-test-label"
          autoFocus={false}
          className="form-control filter-input"
          customTimeInput={null}
          dateFormat="dd/MM/YYYY"
          dateFormatCalendar="LLLL yyyy"
          disabled={false}
          disabledKeyboardNavigation={false}
          dropdownMode="select"
          enableTabLoop={true}
          excludeScrollbar={true}
          focusSelectedMonth={false}
          locale="en"
          monthsShown={1}
          nextMonthButtonLabel="Next Month"
          nextYearButtonLabel="Next Year"
          onBlur={[Function]}
          onCalendarClose={[Function]}
          onCalendarOpen={[Function]}
          onChange={[Function]}
          onClickOutside={[Function]}
          onFocus={[Function]}
          onInputClick={[Function]}
          onInputError={[Function]}
          onKeyDown={[Function]}
          onMonthChange={[Function]}
          onSelect={[Function]}
          onYearChange={[Function]}
          open={false}
          popperModifiers={
            Array [
              Object {
                "name": "offset",
                "options": Object {
                  "offset": Array [
                    0,
                    0,
                  ],
                },
              },
            ]
          }
          popperPlacement="bottom-end"
          portalId="datepicker_0.123456789"
          preventOpenOnFocus={true}
          previousMonthButtonLabel="Previous Month"
          previousYearButtonLabel="Previous Year"
          readOnly={false}
          renderDayContents={[Function]}
          selected={null}
          shouldCloseOnSelect={false}
          showFourColumnMonthYearPicker={false}
          showFullMonthYearPicker={false}
          showMonthDropdown={true}
          showMonthYearPicker={false}
          showPopperArrow={false}
          showPreviousMonths={false}
          showQuarterYearPicker={false}
          showTimeInput={false}
          showTimeSelect={false}
          showTwoColumnMonthYearPicker={false}
          showYearDropdown={true}
          showYearPicker={false}
          strictParsing={true}
          timeCaption="Time"
          timeInputLabel="Time"
          timeIntervals={30}
          useWeekdaysShort={true}
          withPortal={false}
          yearItemNumber={12}
        >
          <r
            enableTabLoop={true}
            hidePopper={true}
            popperComponent={null}
            popperModifiers={
              Array [
                Object {
                  "name": "offset",
                  "options": Object {
                    "offset": Array [
                      0,
                      0,
                    ],
                  },
                },
              ]
            }
            popperOnKeyDown={[Function]}
            popperPlacement="bottom-end"
            popperProps={Object {}}
            portalId="datepicker_0.123456789"
            targetComponent={
              <div
                className="react-datepicker__input-container"
              >
                <input
                  aria-labelledby="filter-test-label"
                  autoFocus={false}
                  className="form-control filter-input"
                  disabled={false}
                  onBlur={[Function]}
                  onChange={[Function]}
                  onClick={[Function]}
                  onFocus={[Function]}
                  onKeyDown={[Function]}
                  readOnly={false}
                  type="text"
                  value=""
                />
              </div>
            }
          >
            <Manager
              className="react-datepicker-manager"
            >
              <Reference>
                <div
                  className="react-datepicker-wrapper"
                >
                  <div
                    className="react-datepicker__input-container"
                  >
                    <input
                      aria-labelledby="filter-test-label"
                      autoFocus={false}
                      className="form-control filter-input"
                      disabled={false}
                      onBlur={[Function]}
                      onChange={[Function]}
                      onClick={[Function]}
                      onFocus={[Function]}
                      onKeyDown={[Function]}
                      readOnly={false}
                      type="text"
                      value=""
                    />
                  </div>
                </div>
              </Reference>
            </Manager>
          </r>
        </r>
        <button
          aria-controls="datepicker_0.123456789"
          aria-expanded={false}
          aria-haspopup={true}
          aria-label="Show calendar"
          className="btn btn-default btn-calendar"
          onClick={[Function]}
          onKeyDown={[Function]}
        >
          <span
            className="glyphicon glyphicon-calendar"
          />
        </button>
      </ForwardRef>
    </div>
  </FilterComponent>
</DatagridDateFilter>
`;

exports[`Date Filter with single attribute renders correctly 1`] = `
<DatagridDateFilter
  adjustable={true}
  class="filter-test"
  defaultFilter="equal"
  name="filter-test"
  tabIndex={0}
>
  <FilterComponent
    adjustable={true}
    className="filter-test"
    dateFormat="dd/MM/YYYY"
    defaultFilter="equal"
    locale="en"
    name="filter-test"
    tabIndex={0}
    updateFilters={[Function]}
  >
    <div
      className="filter-container filter-test"
      data-focusindex={0}
    >
      <FilterSelector
        defaultFilter="equal"
        name="filter-test"
        onChange={[Function]}
        options={
          Array [
            Object {
              "label": "Greater than",
              "value": "greater",
            },
            Object {
              "label": "Greater than or equal",
              "value": "greaterEqual",
            },
            Object {
              "label": "Equal",
              "value": "equal",
            },
            Object {
              "label": "Not equal",
              "value": "notEqual",
            },
            Object {
              "label": "Smaller than",
              "value": "smaller",
            },
            Object {
              "label": "Smaller than or equal",
              "value": "smallerEqual",
            },
          ]
        }
      >
        <div
          className="filter-selector"
        >
          <div
            className="filter-selector-content"
          >
            <button
              aria-controls="filter-test-filter-selectors"
              aria-expanded={false}
              aria-haspopup={true}
              className="btn btn-default filter-selector-button button-icon equal"
              onClick={[Function]}
              onKeyDown={[Function]}
            >
               
            </button>
          </div>
        </div>
      </FilterSelector>
      <ForwardRef
        adjustable={true}
        dateFormat="dd/MM/YYYY"
        locale="en"
        name="filter-test"
        setValue={[Function]}
        value={null}
      >
        <Portal
          containerInfo={
            <body>
              <div
                id="datepicker_0.123456789"
                style="position: fixed;"
              />
            </body>
          }
        >
          <div
            id="datepicker_0.123456789"
            style={
              Object {
                "position": "fixed",
              }
            }
          />
        </Portal>
        <span
          className="sr-only"
          id="filter-test-label"
        />
        <r
          allowSameDay={false}
          ariaLabelledBy="filter-test-label"
          autoFocus={false}
          className="form-control filter-input"
          customTimeInput={null}
          dateFormat="dd/MM/YYYY"
          dateFormatCalendar="LLLL yyyy"
          disabled={false}
          disabledKeyboardNavigation={false}
          dropdownMode="select"
          enableTabLoop={true}
          excludeScrollbar={true}
          focusSelectedMonth={false}
          locale="en"
          monthsShown={1}
          nextMonthButtonLabel="Next Month"
          nextYearButtonLabel="Next Year"
          onBlur={[Function]}
          onCalendarClose={[Function]}
          onCalendarOpen={[Function]}
          onChange={[Function]}
          onClickOutside={[Function]}
          onFocus={[Function]}
          onInputClick={[Function]}
          onInputError={[Function]}
          onKeyDown={[Function]}
          onMonthChange={[Function]}
          onSelect={[Function]}
          onYearChange={[Function]}
          open={false}
          popperModifiers={
            Array [
              Object {
                "name": "offset",
                "options": Object {
                  "offset": Array [
                    0,
                    0,
                  ],
                },
              },
            ]
          }
          popperPlacement="bottom-end"
          portalId="datepicker_0.123456789"
          preventOpenOnFocus={true}
          previousMonthButtonLabel="Previous Month"
          previousYearButtonLabel="Previous Year"
          readOnly={false}
          renderDayContents={[Function]}
          selected={null}
          shouldCloseOnSelect={false}
          showFourColumnMonthYearPicker={false}
          showFullMonthYearPicker={false}
          showMonthDropdown={true}
          showMonthYearPicker={false}
          showPopperArrow={false}
          showPreviousMonths={false}
          showQuarterYearPicker={false}
          showTimeInput={false}
          showTimeSelect={false}
          showTwoColumnMonthYearPicker={false}
          showYearDropdown={true}
          showYearPicker={false}
          strictParsing={true}
          timeCaption="Time"
          timeInputLabel="Time"
          timeIntervals={30}
          useWeekdaysShort={true}
          withPortal={false}
          yearItemNumber={12}
        >
          <r
            enableTabLoop={true}
            hidePopper={true}
            popperComponent={null}
            popperModifiers={
              Array [
                Object {
                  "name": "offset",
                  "options": Object {
                    "offset": Array [
                      0,
                      0,
                    ],
                  },
                },
              ]
            }
            popperOnKeyDown={[Function]}
            popperPlacement="bottom-end"
            popperProps={Object {}}
            portalId="datepicker_0.123456789"
            targetComponent={
              <div
                className="react-datepicker__input-container"
              >
                <input
                  aria-labelledby="filter-test-label"
                  autoFocus={false}
                  className="form-control filter-input"
                  disabled={false}
                  onBlur={[Function]}
                  onChange={[Function]}
                  onClick={[Function]}
                  onFocus={[Function]}
                  onKeyDown={[Function]}
                  readOnly={false}
                  type="text"
                  value=""
                />
              </div>
            }
          >
            <Manager
              className="react-datepicker-manager"
            >
              <Reference>
                <div
                  className="react-datepicker-wrapper"
                >
                  <div
                    className="react-datepicker__input-container"
                  >
                    <input
                      aria-labelledby="filter-test-label"
                      autoFocus={false}
                      className="form-control filter-input"
                      disabled={false}
                      onBlur={[Function]}
                      onChange={[Function]}
                      onClick={[Function]}
                      onFocus={[Function]}
                      onKeyDown={[Function]}
                      readOnly={false}
                      type="text"
                      value=""
                    />
                  </div>
                </div>
              </Reference>
            </Manager>
          </r>
        </r>
        <button
          aria-controls="datepicker_0.123456789"
          aria-expanded={false}
          aria-haspopup={true}
          aria-label="Show calendar"
          className="btn btn-default btn-calendar"
          onClick={[Function]}
          onKeyDown={[Function]}
        >
          <span
            className="glyphicon glyphicon-calendar"
          />
        </button>
      </ForwardRef>
    </div>
  </FilterComponent>
</DatagridDateFilter>
`;
