// Jest Snapshot v1, https://goo.gl/fbAQLP

exports[`Filter selector renders correctly 1`] = `
<div
  className="filter-selector"
>
  <div
    className="filter-selector-content"
  >
    <button
      className="btn btn-default filter-selector-button contains"
      onClick={[Function]}
    >
      Â 
    </button>
  </div>
</div>
`;
