// Jest Snapshot v1, https://goo.gl/fbAQLP

exports[`Filter selector renders correctly 1`] = `
<div
  className="filter-container"
>
  <FilterSelector
    defaultFilter="contains"
    onChange={[Function]}
  />
  <input
    className="form-control"
    onChange={[Function]}
    type="text"
  />
</div>
`;
