// Jest Snapshot v1, https://goo.gl/fbAQLP

exports[`RichText render DOM structure 1`] = `
<div
  className="widget-rich-text"
  style={
    Object {
      "height": "auto",
      "width": "100%",
    }
  }
>
  <div
    id="RichText_Div"
  />
</div>
`;
