// Jest Snapshot v1, https://goo.gl/fbAQLP

exports[`ProgressCircle renders the structure correctly 1`] = `
<div
  className="widget-progress-circle widget-progress-circle-default widget-progress-circle-thickness-medium widget-progress-circle-background-default"
>
  <div
    className="h2 progress-circle-label-container widget-progress-circle-clickable"
    onClick={[MockFunction]}
  >
    <div
      className="progressbar-text"
    >
      23%
    </div>
  </div>
</div>
`;
